// Jest Snapshot v1, https://goo.gl/fbAQLP

exports[`Navbar Render Navbar component 1`] = `
<nav
  className="navbar"
>
  <h2>
    Math Magicians
  </h2>
  <ul
    className="navlist"
  >
    <li>
      <a
        aria-current="page"
        className="navlink active"
        href="/"
        onClick={[Function]}
      >
        Home
      </a>
    </li>
    <li>
      <a
        className="navlink"
        href="/calculator"
        onClick={[Function]}
      >
        Calculator
      </a>
    </li>
    <li>
      <a
        className="navlink"
        href="/quotes"
        onClick={[Function]}
      >
        Quotes
      </a>
    </li>
  </ul>
</nav>
`;
